// Jest Snapshot v1, https://goo.gl/fbAQLP

exports[`api/transactions Should call transactions.broadcast method correctly 1`] = `
Object {
  "amount": "1000000",
  "asset": Object {},
  "block": Object {
    "timestamp": 72473846,
  },
  "blockId": "9937261865542489722",
  "confirmations": 99170,
  "fee": "10000000",
  "height": 7450256,
  "id": "10703320139793065364",
  "recipient": Object {
    "address": "lskebd9zfkhz6ep9kde24u8h7uxarssxxdnru2xgw",
  },
  "recipientId": "lskebd9zfkhz6ep9kde24u8h7uxarssxxdnru2xgw",
  "recipientPublicKey": "04ffd6fb4508a5ca85355cc3b30dce326fe35781d32deb858879128cf8c141cc",
  "sender": Object {
    "address": "lskebd9zfkhz6ep9kde24u8h7uxarssxxdnru2xgw",
  },
  "senderId": "lskebd9zfkhz6ep9kde24u8h7uxarssxxdnru2xgw",
  "senderPublicKey": "84795ae68a1908d2a89daafce3f9980811ddf8f0c087c913ebe57759c977fbbc",
  "signature": "08d2526bcd49299bb6894fb62a39b5d084c132cb593be674096aad8b273190922f24677def02817b424c7db1130f14799a0ffc4f95744980f2120c0f1376e200",
  "signatures": Array [],
  "timestamp": 85447190,
  "type": 0,
}
`;

exports[`api/transactions Should call transactions.create method correctly 1`] = `
Object {
  "asset": Object {
    "amount": 1000000n,
    "data": "",
    "recipientAddress": Object {
      "data": Array [
        177,
        180,
        208,
        122,
        157,
        2,
        172,
        70,
        211,
        86,
        194,
        96,
        254,
        186,
        1,
        204,
        183,
        176,
        135,
        71,
      ],
      "type": "Buffer",
    },
  },
  "assetID": 0,
  "fee": 100n,
  "id": Object {
    "data": Array [
      229,
      210,
      78,
      55,
      121,
      86,
      167,
      182,
      2,
      148,
      243,
      138,
      11,
      35,
      236,
      39,
      188,
      68,
      156,
      207,
      241,
      52,
      34,
      47,
      20,
      98,
      171,
      113,
      135,
      248,
      161,
      58,
    ],
    "type": "Buffer",
  },
  "moduleID": 2,
  "nonce": 5n,
  "senderPublicKey": Object {
    "data": Array [
      103,
      211,
      181,
      234,
      240,
      192,
      191,
      107,
      90,
      96,
      45,
      53,
      157,
      174,
      204,
      134,
      167,
      167,
      64,
      83,
      73,
      14,
      195,
      122,
      224,
      142,
      113,
      54,
      5,
      135,
      200,
      112,
    ],
    "type": "Buffer",
  },
  "signatures": Array [
    Object {
      "data": Array [
        190,
        84,
        226,
        6,
        30,
        122,
        189,
        156,
        181,
        50,
        122,
        202,
        130,
        159,
        126,
        129,
        237,
        206,
        175,
        255,
        164,
        178,
        54,
        234,
        211,
        250,
        76,
        111,
        86,
        3,
        217,
        60,
        62,
        75,
        248,
        248,
        127,
        113,
        52,
        43,
        155,
        250,
        171,
        78,
        73,
        77,
        142,
        44,
        225,
        251,
        186,
        18,
        43,
        78,
        215,
        97,
        246,
        228,
        17,
        167,
        164,
        158,
        213,
        11,
      ],
      "type": "Buffer",
    },
  ],
}
`;

exports[`api/transactions Should handle rejections from transactions.broadcast method 1`] = `[TypeError: Cannot mix BigInt and other types, use explicit conversions]`;
